2017/10/16 18:53:32.779000 logger.go:22: arr[2 3]
2017/10/16 18:53:32.783000 logger.go:23: arr[0] = 2
2017/10/16 18:53:32.783000 logger.go:24: hello
2017/10/16 18:53:32.783000 logger.go:25: oh....
2017/10/16 18:53:32.783000 client.go:18: client start
